// Jest Snapshot v1, https://goo.gl/fbAQLP

exports[`App should render the child components 1`] = `[Function]`;
