// Jest Snapshot v1, https://goo.gl/fbAQLP

exports[`Board should render the grid 1`] = `[Function]`;
